=== Pendragon VM Execution Log ===

IR: 0x0004 | Opcode: 0x02 | Params: 0x03 0x00 0x00 | AX: 0x0000 BX: 0x0000 CX: 0x0000 DX: 0x0000 EX: 0x0000
IR: 0x0006 | Opcode: 0x6a | Params: 0x03 | AX: 0x0000 BX: 0x0000 CX: 0x0000 DX: 0x0000 EX: 0x0000
IR: 0x0008 | Opcode: 0x6a | Params: 0x03 | AX: 0x0000 BX: 0x0000 CX: 0x0000 DX: 0x0001 EX: 0x0000
IR: 0x000c | Opcode: 0x02 | Params: 0x01 0x14 0x00 | AX: 0x0000 BX: 0x0000 CX: 0x0000 DX: 0x0002 EX: 0x0000
IR: 0x000e | Opcode: 0x6a | Params: 0x01 | AX: 0x0000 BX: 0x0014 CX: 0x0000 DX: 0x0002 EX: 0x0000
IR: 0x0010 | Opcode: 0x6a | Params: 0x01 | AX: 0x0000 BX: 0x0015 CX: 0x0000 DX: 0x0002 EX: 0x0000
IR: 0x0013 | Opcode: 0x72 | Params: 0x00 0x01 | AX: 0x0000 BX: 0x0016 CX: 0x0000 DX: 0x0002 EX: 0x0000
IR: 0x0016 | Opcode: 0x03 | Params: 0x02 0x00 | AX: 0x0012 BX: 0x0016 CX: 0x0000 DX: 0x0002 EX: 0x0000
IR: 0x0019 | Opcode: 0x03 | Params: 0x00 0x03 | AX: 0x0012 BX: 0x0016 CX: 0x0012 DX: 0x0002 EX: 0x0000
IR: 0x001b | Opcode: 0x2a | Params: 0x00 | AX: 0x0002 BX: 0x0016 CX: 0x0012 DX: 0x0002 EX: 0x0000
IR: 0x001f | Opcode: 0x02 | Params: 0x03 0x03 0x00 | AX: 0x0004 BX: 0x0016 CX: 0x0012 DX: 0x0002 EX: 0x0000
IR: 0x0021 | Opcode: 0x6b | Params: 0x03 | AX: 0x0004 BX: 0x0016 CX: 0x0012 DX: 0x0003 EX: 0x0000
IR: 0x0025 | Opcode: 0x6d | Params: 0x02 0x00 0x00 | AX: 0x0004 BX: 0x0016 CX: 0x0012 DX: 0x0002 EX: 0x0000
IR: 0x0028 | Opcode: 0x1f | Params: 0x34 0x00 | AX: 0x0001 BX: 0x0016 CX: 0x0012 DX: 0x0002 EX: 0x0000
IR: 0x002c | Opcode: 0x0a | Params: 0x00 0x03 0x12 | AX: 0x0001 BX: 0x0016 CX: 0x0012 DX: 0x0002 EX: 0x0000
IR: 0x002d | Opcode: 0x00 | AX: 0x0000 BX: 0x0016 CX: 0x0012 DX: 0x0002 EX: 0x0000
IR: 0x002f | Opcode: 0x6b | Params: 0x03 | AX: 0x0000 BX: 0x0016 CX: 0x0012 DX: 0x0002 EX: 0x0000
IR: 0x0031 | Opcode: 0x6b | Params: 0x02 | AX: 0x0000 BX: 0x0016 CX: 0x0012 DX: 0x0001 EX: 0x0000
IR: 0x0034 | Opcode: 0x1e | Params: 0x21 0x00 | AX: 0x0000 BX: 0x0016 CX: 0x0011 DX: 0x0001 EX: 0x0000
IR: 0x0025 | Opcode: 0x6d | Params: 0x02 0x00 0x00 | AX: 0x0000 BX: 0x0016 CX: 0x0011 DX: 0x0001 EX: 0x0000
IR: 0x0028 | Opcode: 0x1f | Params: 0x34 0x00 | AX: 0x0001 BX: 0x0016 CX: 0x0011 DX: 0x0001 EX: 0x0000
IR: 0x002c | Opcode: 0x0a | Params: 0x00 0x03 0x12 | AX: 0x0001 BX: 0x0016 CX: 0x0011 DX: 0x0001 EX: 0x0000
IR: 0x002d | Opcode: 0x00 | AX: 0x0000 BX: 0x0016 CX: 0x0011 DX: 0x0001 EX: 0x0000
IR: 0x002f | Opcode: 0x6b | Params: 0x03 | AX: 0x0000 BX: 0x0016 CX: 0x0011 DX: 0x0001 EX: 0x0000
IR: 0x0031 | Opcode: 0x6b | Params: 0x02 | AX: 0x0000 BX: 0x0016 CX: 0x0011 DX: 0x0000 EX: 0x0000
IR: 0x0034 | Opcode: 0x1e | Params: 0x21 0x00 | AX: 0x0000 BX: 0x0016 CX: 0x0010 DX: 0x0000 EX: 0x0000
IR: 0x0025 | Opcode: 0x6d | Params: 0x02 0x00 0x00 | AX: 0x0000 BX: 0x0016 CX: 0x0010 DX: 0x0000 EX: 0x0000
IR: 0x0028 | Opcode: 0x1f | Params: 0x34 0x00 | AX: 0x0001 BX: 0x0016 CX: 0x0010 DX: 0x0000 EX: 0x0000
IR: 0x002c | Opcode: 0x0a | Params: 0x00 0x03 0x12 | AX: 0x0001 BX: 0x0016 CX: 0x0010 DX: 0x0000 EX: 0x0000
IR: 0x002d | Opcode: 0x00 | AX: 0x0000 BX: 0x0016 CX: 0x0010 DX: 0x0000 EX: 0x0000
IR: 0x002f | Opcode: 0x6b | Params: 0x03 | AX: 0x0000 BX: 0x0016 CX: 0x0010 DX: 0x0000 EX: 0x0000
IR: 0x0031 | Opcode: 0x6b | Params: 0x02 | AX: 0x0000 BX: 0x0016 CX: 0x0010 DX: 0xffff EX: 0x0000
IR: 0x0034 | Opcode: 0x1e | Params: 0x21 0x00 | AX: 0x0000 BX: 0x0016 CX: 0x000f DX: 0xffff EX: 0x0000
IR: 0x0025 | Opcode: 0x6d | Params: 0x02 0x00 0x00 | AX: 0x0000 BX: 0x0016 CX: 0x000f DX: 0xffff EX: 0x0000
IR: 0x0028 | Opcode: 0x1f | Params: 0x34 0x00 | AX: 0x0001 BX: 0x0016 CX: 0x000f DX: 0xffff EX: 0x0000
IR: 0x002c | Opcode: 0x0a | Params: 0x00 0x03 0x12 | AX: 0x0001 BX: 0x0016 CX: 0x000f DX: 0xffff EX: 0x0000
IR: 0x002d | Opcode: 0x00 | AX: 0x0000 BX: 0x0016 CX: 0x000f DX: 0xffff EX: 0x0000
IR: 0x002f | Opcode: 0x6b | Params: 0x03 | AX: 0x0000 BX: 0x0016 CX: 0x000f DX: 0xffff EX: 0x0000
IR: 0x0031 | Opcode: 0x6b | Params: 0x02 | AX: 0x0000 BX: 0x0016 CX: 0x000f DX: 0xfffe EX: 0x0000
IR: 0x0034 | Opcode: 0x1e | Params: 0x21 0x00 | AX: 0x0000 BX: 0x0016 CX: 0x000e DX: 0xfffe EX: 0x0000
IR: 0x0025 | Opcode: 0x6d | Params: 0x02 0x00 0x00 | AX: 0x0000 BX: 0x0016 CX: 0x000e DX: 0xfffe EX: 0x0000
IR: 0x0028 | Opcode: 0x1f | Params: 0x34 0x00 | AX: 0x0001 BX: 0x0016 CX: 0x000e DX: 0xfffe EX: 0x0000
IR: 0x002c | Opcode: 0x0a | Params: 0x00 0x03 0x12 | AX: 0x0001 BX: 0x0016 CX: 0x000e DX: 0xfffe EX: 0x0000
IR: 0x002d | Opcode: 0x00 | AX: 0x0000 BX: 0x0016 CX: 0x000e DX: 0xfffe EX: 0x0000
IR: 0x002f | Opcode: 0x6b | Params: 0x03 | AX: 0x0000 BX: 0x0016 CX: 0x000e DX: 0xfffe EX: 0x0000
IR: 0x0031 | Opcode: 0x6b | Params: 0x02 | AX: 0x0000 BX: 0x0016 CX: 0x000e DX: 0xfffd EX: 0x0000
IR: 0x0034 | Opcode: 0x1e | Params: 0x21 0x00 | AX: 0x0000 BX: 0x0016 CX: 0x000d DX: 0xfffd EX: 0x0000
IR: 0x0025 | Opcode: 0x6d | Params: 0x02 0x00 0x00 | AX: 0x0000 BX: 0x0016 CX: 0x000d DX: 0xfffd EX: 0x0000
IR: 0x0028 | Opcode: 0x1f | Params: 0x34 0x00 | AX: 0x0001 BX: 0x0016 CX: 0x000d DX: 0xfffd EX: 0x0000
IR: 0x002c | Opcode: 0x0a | Params: 0x00 0x03 0x12 | AX: 0x0001 BX: 0x0016 CX: 0x000d DX: 0xfffd EX: 0x0000
IR: 0x002d | Opcode: 0x00 | AX: 0x0000 BX: 0x0016 CX: 0x000d DX: 0xfffd EX: 0x0000
IR: 0x002f | Opcode: 0x6b | Params: 0x03 | AX: 0x0000 BX: 0x0016 CX: 0x000d DX: 0xfffd EX: 0x0000
IR: 0x0031 | Opcode: 0x6b | Params: 0x02 | AX: 0x0000 BX: 0x0016 CX: 0x000d DX: 0xfffc EX: 0x0000
IR: 0x0034 | Opcode: 0x1e | Params: 0x21 0x00 | AX: 0x0000 BX: 0x0016 CX: 0x000c DX: 0xfffc EX: 0x0000
IR: 0x0025 | Opcode: 0x6d | Params: 0x02 0x00 0x00 | AX: 0x0000 BX: 0x0016 CX: 0x000c DX: 0xfffc EX: 0x0000
IR: 0x0028 | Opcode: 0x1f | Params: 0x34 0x00 | AX: 0x0001 BX: 0x0016 CX: 0x000c DX: 0xfffc EX: 0x0000
IR: 0x002c | Opcode: 0x0a | Params: 0x00 0x03 0x12 | AX: 0x0001 BX: 0x0016 CX: 0x000c DX: 0xfffc EX: 0x0000
IR: 0x002d | Opcode: 0x00 | AX: 0x0000 BX: 0x0016 CX: 0x000c DX: 0xfffc EX: 0x0000
IR: 0x002f | Opcode: 0x6b | Params: 0x03 | AX: 0x0000 BX: 0x0016 CX: 0x000c DX: 0xfffc EX: 0x0000
IR: 0x0031 | Opcode: 0x6b | Params: 0x02 | AX: 0x0000 BX: 0x0016 CX: 0x000c DX: 0xfffb EX: 0x0000
IR: 0x0034 | Opcode: 0x1e | Params: 0x21 0x00 | AX: 0x0000 BX: 0x0016 CX: 0x000b DX: 0xfffb EX: 0x0000
IR: 0x0025 | Opcode: 0x6d | Params: 0x02 0x00 0x00 | AX: 0x0000 BX: 0x0016 CX: 0x000b DX: 0xfffb EX: 0x0000
IR: 0x0028 | Opcode: 0x1f | Params: 0x34 0x00 | AX: 0x0001 BX: 0x0016 CX: 0x000b DX: 0xfffb EX: 0x0000
IR: 0x002c | Opcode: 0x0a | Params: 0x00 0x03 0x12 | AX: 0x0001 BX: 0x0016 CX: 0x000b DX: 0xfffb EX: 0x0000
IR: 0x002d | Opcode: 0x00 | AX: 0x0000 BX: 0x0016 CX: 0x000b DX: 0xfffb EX: 0x0000
IR: 0x002f | Opcode: 0x6b | Params: 0x03 | AX: 0x0000 BX: 0x0016 CX: 0x000b DX: 0xfffb EX: 0x0000
IR: 0x0031 | Opcode: 0x6b | Params: 0x02 | AX: 0x0000 BX: 0x0016 CX: 0x000b DX: 0xfffa EX: 0x0000
IR: 0x0034 | Opcode: 0x1e | Params: 0x21 0x00 | AX: 0x0000 BX: 0x0016 CX: 0x000a DX: 0xfffa EX: 0x0000
IR: 0x0025 | Opcode: 0x6d | Params: 0x02 0x00 0x00 | AX: 0x0000 BX: 0x0016 CX: 0x000a DX: 0xfffa EX: 0x0000
IR: 0x0028 | Opcode: 0x1f | Params: 0x34 0x00 | AX: 0x0001 BX: 0x0016 CX: 0x000a DX: 0xfffa EX: 0x0000
IR: 0x002c | Opcode: 0x0a | Params: 0x00 0x03 0x12 | AX: 0x0001 BX: 0x0016 CX: 0x000a DX: 0xfffa EX: 0x0000
IR: 0x002d | Opcode: 0x00 | AX: 0x0000 BX: 0x0016 CX: 0x000a DX: 0xfffa EX: 0x0000
IR: 0x002f | Opcode: 0x6b | Params: 0x03 | AX: 0x0000 BX: 0x0016 CX: 0x000a DX: 0xfffa EX: 0x0000
IR: 0x0031 | Opcode: 0x6b | Params: 0x02 | AX: 0x0000 BX: 0x0016 CX: 0x000a DX: 0xfff9 EX: 0x0000
IR: 0x0034 | Opcode: 0x1e | Params: 0x21 0x00 | AX: 0x0000 BX: 0x0016 CX: 0x0009 DX: 0xfff9 EX: 0x0000
IR: 0x0025 | Opcode: 0x6d | Params: 0x02 0x00 0x00 | AX: 0x0000 BX: 0x0016 CX: 0x0009 DX: 0xfff9 EX: 0x0000
IR: 0x0028 | Opcode: 0x1f | Params: 0x34 0x00 | AX: 0x0001 BX: 0x0016 CX: 0x0009 DX: 0xfff9 EX: 0x0000
IR: 0x002c | Opcode: 0x0a | Params: 0x00 0x03 0x12 | AX: 0x0001 BX: 0x0016 CX: 0x0009 DX: 0xfff9 EX: 0x0000
IR: 0x002d | Opcode: 0x00 | AX: 0x0000 BX: 0x0016 CX: 0x0009 DX: 0xfff9 EX: 0x0000
IR: 0x002f | Opcode: 0x6b | Params: 0x03 | AX: 0x0000 BX: 0x0016 CX: 0x0009 DX: 0xfff9 EX: 0x0000
IR: 0x0031 | Opcode: 0x6b | Params: 0x02 | AX: 0x0000 BX: 0x0016 CX: 0x0009 DX: 0xfff8 EX: 0x0000
IR: 0x0034 | Opcode: 0x1e | Params: 0x21 0x00 | AX: 0x0000 BX: 0x0016 CX: 0x0008 DX: 0xfff8 EX: 0x0000
IR: 0x0025 | Opcode: 0x6d | Params: 0x02 0x00 0x00 | AX: 0x0000 BX: 0x0016 CX: 0x0008 DX: 0xfff8 EX: 0x0000
IR: 0x0028 | Opcode: 0x1f | Params: 0x34 0x00 | AX: 0x0001 BX: 0x0016 CX: 0x0008 DX: 0xfff8 EX: 0x0000
IR: 0x002c | Opcode: 0x0a | Params: 0x00 0x03 0x12 | AX: 0x0001 BX: 0x0016 CX: 0x0008 DX: 0xfff8 EX: 0x0000
IR: 0x002d | Opcode: 0x00 | AX: 0x0000 BX: 0x0016 CX: 0x0008 DX: 0xfff8 EX: 0x0000
IR: 0x002f | Opcode: 0x6b | Params: 0x03 | AX: 0x0000 BX: 0x0016 CX: 0x0008 DX: 0xfff8 EX: 0x0000
IR: 0x0031 | Opcode: 0x6b | Params: 0x02 | AX: 0x0000 BX: 0x0016 CX: 0x0008 DX: 0xfff7 EX: 0x0000
IR: 0x0034 | Opcode: 0x1e | Params: 0x21 0x00 | AX: 0x0000 BX: 0x0016 CX: 0x0007 DX: 0xfff7 EX: 0x0000
IR: 0x0025 | Opcode: 0x6d | Params: 0x02 0x00 0x00 | AX: 0x0000 BX: 0x0016 CX: 0x0007 DX: 0xfff7 EX: 0x0000
IR: 0x0028 | Opcode: 0x1f | Params: 0x34 0x00 | AX: 0x0001 BX: 0x0016 CX: 0x0007 DX: 0xfff7 EX: 0x0000
IR: 0x002c | Opcode: 0x0a | Params: 0x00 0x03 0x12 | AX: 0x0001 BX: 0x0016 CX: 0x0007 DX: 0xfff7 EX: 0x0000
IR: 0x002d | Opcode: 0x00 | AX: 0x0000 BX: 0x0016 CX: 0x0007 DX: 0xfff7 EX: 0x0000
IR: 0x002f | Opcode: 0x6b | Params: 0x03 | AX: 0x0000 BX: 0x0016 CX: 0x0007 DX: 0xfff7 EX: 0x0000
IR: 0x0031 | Opcode: 0x6b | Params: 0x02 | AX: 0x0000 BX: 0x0016 CX: 0x0007 DX: 0xfff6 EX: 0x0000
IR: 0x0034 | Opcode: 0x1e | Params: 0x21 0x00 | AX: 0x0000 BX: 0x0016 CX: 0x0006 DX: 0xfff6 EX: 0x0000
IR: 0x0025 | Opcode: 0x6d | Params: 0x02 0x00 0x00 | AX: 0x0000 BX: 0x0016 CX: 0x0006 DX: 0xfff6 EX: 0x0000
IR: 0x0028 | Opcode: 0x1f | Params: 0x34 0x00 | AX: 0x0001 BX: 0x0016 CX: 0x0006 DX: 0xfff6 EX: 0x0000
IR: 0x002c | Opcode: 0x0a | Params: 0x00 0x03 0x12 | AX: 0x0001 BX: 0x0016 CX: 0x0006 DX: 0xfff6 EX: 0x0000
IR: 0x002d | Opcode: 0x00 | AX: 0x0000 BX: 0x0016 CX: 0x0006 DX: 0xfff6 EX: 0x0000
IR: 0x002f | Opcode: 0x6b | Params: 0x03 | AX: 0x0000 BX: 0x0016 CX: 0x0006 DX: 0xfff6 EX: 0x0000
IR: 0x0031 | Opcode: 0x6b | Params: 0x02 | AX: 0x0000 BX: 0x0016 CX: 0x0006 DX: 0xfff5 EX: 0x0000
IR: 0x0034 | Opcode: 0x1e | Params: 0x21 0x00 | AX: 0x0000 BX: 0x0016 CX: 0x0005 DX: 0xfff5 EX: 0x0000
IR: 0x0025 | Opcode: 0x6d | Params: 0x02 0x00 0x00 | AX: 0x0000 BX: 0x0016 CX: 0x0005 DX: 0xfff5 EX: 0x0000
IR: 0x0028 | Opcode: 0x1f | Params: 0x34 0x00 | AX: 0x0001 BX: 0x0016 CX: 0x0005 DX: 0xfff5 EX: 0x0000
IR: 0x002c | Opcode: 0x0a | Params: 0x00 0x03 0x12 | AX: 0x0001 BX: 0x0016 CX: 0x0005 DX: 0xfff5 EX: 0x0000
IR: 0x002d | Opcode: 0x00 | AX: 0x0000 BX: 0x0016 CX: 0x0005 DX: 0xfff5 EX: 0x0000
IR: 0x002f | Opcode: 0x6b | Params: 0x03 | AX: 0x0000 BX: 0x0016 CX: 0x0005 DX: 0xfff5 EX: 0x0000
IR: 0x0031 | Opcode: 0x6b | Params: 0x02 | AX: 0x0000 BX: 0x0016 CX: 0x0005 DX: 0xfff4 EX: 0x0000
IR: 0x0034 | Opcode: 0x1e | Params: 0x21 0x00 | AX: 0x0000 BX: 0x0016 CX: 0x0004 DX: 0xfff4 EX: 0x0000
IR: 0x0025 | Opcode: 0x6d | Params: 0x02 0x00 0x00 | AX: 0x0000 BX: 0x0016 CX: 0x0004 DX: 0xfff4 EX: 0x0000
IR: 0x0028 | Opcode: 0x1f | Params: 0x34 0x00 | AX: 0x0001 BX: 0x0016 CX: 0x0004 DX: 0xfff4 EX: 0x0000
IR: 0x002c | Opcode: 0x0a | Params: 0x00 0x03 0x12 | AX: 0x0001 BX: 0x0016 CX: 0x0004 DX: 0xfff4 EX: 0x0000
IR: 0x002d | Opcode: 0x00 | AX: 0x0000 BX: 0x0016 CX: 0x0004 DX: 0xfff4 EX: 0x0000
IR: 0x002f | Opcode: 0x6b | Params: 0x03 | AX: 0x0000 BX: 0x0016 CX: 0x0004 DX: 0xfff4 EX: 0x0000
IR: 0x0031 | Opcode: 0x6b | Params: 0x02 | AX: 0x0000 BX: 0x0016 CX: 0x0004 DX: 0xfff3 EX: 0x0000
IR: 0x0034 | Opcode: 0x1e | Params: 0x21 0x00 | AX: 0x0000 BX: 0x0016 CX: 0x0003 DX: 0xfff3 EX: 0x0000
IR: 0x0025 | Opcode: 0x6d | Params: 0x02 0x00 0x00 | AX: 0x0000 BX: 0x0016 CX: 0x0003 DX: 0xfff3 EX: 0x0000
IR: 0x0028 | Opcode: 0x1f | Params: 0x34 0x00 | AX: 0x0001 BX: 0x0016 CX: 0x0003 DX: 0xfff3 EX: 0x0000
IR: 0x002c | Opcode: 0x0a | Params: 0x00 0x03 0x12 | AX: 0x0001 BX: 0x0016 CX: 0x0003 DX: 0xfff3 EX: 0x0000
IR: 0x002d | Opcode: 0x00 | AX: 0x0000 BX: 0x0016 CX: 0x0003 DX: 0xfff3 EX: 0x0000
IR: 0x002f | Opcode: 0x6b | Params: 0x03 | AX: 0x0000 BX: 0x0016 CX: 0x0003 DX: 0xfff3 EX: 0x0000
IR: 0x0031 | Opcode: 0x6b | Params: 0x02 | AX: 0x0000 BX: 0x0016 CX: 0x0003 DX: 0xfff2 EX: 0x0000
IR: 0x0034 | Opcode: 0x1e | Params: 0x21 0x00 | AX: 0x0000 BX: 0x0016 CX: 0x0002 DX: 0xfff2 EX: 0x0000
IR: 0x0025 | Opcode: 0x6d | Params: 0x02 0x00 0x00 | AX: 0x0000 BX: 0x0016 CX: 0x0002 DX: 0xfff2 EX: 0x0000
IR: 0x0028 | Opcode: 0x1f | Params: 0x34 0x00 | AX: 0x0001 BX: 0x0016 CX: 0x0002 DX: 0xfff2 EX: 0x0000
IR: 0x002c | Opcode: 0x0a | Params: 0x00 0x03 0x12 | AX: 0x0001 BX: 0x0016 CX: 0x0002 DX: 0xfff2 EX: 0x0000
IR: 0x002d | Opcode: 0x00 | AX: 0x0000 BX: 0x0016 CX: 0x0002 DX: 0xfff2 EX: 0x0000
IR: 0x002f | Opcode: 0x6b | Params: 0x03 | AX: 0x0000 BX: 0x0016 CX: 0x0002 DX: 0xfff2 EX: 0x0000
IR: 0x0031 | Opcode: 0x6b | Params: 0x02 | AX: 0x0000 BX: 0x0016 CX: 0x0002 DX: 0xfff1 EX: 0x0000
IR: 0x0034 | Opcode: 0x1e | Params: 0x21 0x00 | AX: 0x0000 BX: 0x0016 CX: 0x0001 DX: 0xfff1 EX: 0x0000
IR: 0x0025 | Opcode: 0x6d | Params: 0x02 0x00 0x00 | AX: 0x0000 BX: 0x0016 CX: 0x0001 DX: 0xfff1 EX: 0x0000
IR: 0x0028 | Opcode: 0x1f | Params: 0x34 0x00 | AX: 0x0001 BX: 0x0016 CX: 0x0001 DX: 0xfff1 EX: 0x0000
IR: 0x002c | Opcode: 0x0a | Params: 0x00 0x03 0x12 | AX: 0x0001 BX: 0x0016 CX: 0x0001 DX: 0xfff1 EX: 0x0000
IR: 0x002d | Opcode: 0x00 | AX: 0x0000 BX: 0x0016 CX: 0x0001 DX: 0xfff1 EX: 0x0000
IR: 0x002f | Opcode: 0x6b | Params: 0x03 | AX: 0x0000 BX: 0x0016 CX: 0x0001 DX: 0xfff1 EX: 0x0000
IR: 0x0031 | Opcode: 0x6b | Params: 0x02 | AX: 0x0000 BX: 0x0016 CX: 0x0001 DX: 0xfff0 EX: 0x0000
IR: 0x0034 | Opcode: 0x1e | Params: 0x21 0x00 | AX: 0x0000 BX: 0x0016 CX: 0x0000 DX: 0xfff0 EX: 0x0000
IR: 0x0025 | Opcode: 0x6d | Params: 0x02 0x00 0x00 | AX: 0x0000 BX: 0x0016 CX: 0x0000 DX: 0xfff0 EX: 0x0000
IR: 0x0028 | Opcode: 0x1f | Params: 0x34 0x00 | AX: 0x0000 BX: 0x0016 CX: 0x0000 DX: 0xfff0 EX: 0x0000
IR: 0x0039 | Opcode: 0x1b | Params: 0x00 0x00 0x00 0x00 | AX: 0x0000 BX: 0x0016 CX: 0x0000 DX: 0xfff0 EX: 0x0000
IR: 0x003d | Opcode: 0x02 | Params: 0x01 0x14 0x00 | AX: 0x0000 BX: 0x0016 CX: 0x0000 DX: 0xfff0 EX: 0x0000
IR: 0x003f | Opcode: 0x6a | Params: 0x01 | AX: 0x0000 BX: 0x0014 CX: 0x0000 DX: 0xfff0 EX: 0x0000
IR: 0x0041 | Opcode: 0x6a | Params: 0x01 | AX: 0x0000 BX: 0x0015 CX: 0x0000 DX: 0xfff0 EX: 0x0000
IR: 0x0044 | Opcode: 0x72 | Params: 0x00 0x01 | AX: 0x0000 BX: 0x0016 CX: 0x0000 DX: 0xfff0 EX: 0x0000
IR: 0x0046 | Opcode: 0x10 | Params: 0x00 | AX: 0x0012 BX: 0x0016 CX: 0x0000 DX: 0xfff0 EX: 0x0000
IR: 0x0049 | Opcode: 0x7f | Params: 0x11 0x00 | AX: 0x0012 BX: 0x0016 CX: 0x0000 DX: 0xfff0 EX: 0x0000

=== Final Register State ===
AX: 0x0012
BX: 0x0016
CX: 0x0000
DX: 0xfff0
EX: 0x0000
IR: 0x0049
SP: 0x0000
Flags: Z=0 C=0 S=0 O=0
